[2026-08-09T22:54:40+00:00] load1=1.11
[2026-08-09T22:55:42+00:00] CONTENTION: foreign compute job >40% CPU: 1974678 292.6 lean
1984123 88.3 lean
[2026-08-09T22:55:42+00:00] load1=3.64
[2026-08-09T22:56:44+00:00] CONTENTION: load1=7.57 exceeds 6.0
[2026-08-09T22:56:44+00:00] load1=7.57
[2026-08-09T22:57:47+00:00] CONTENTION: load1=9.03 exceeds 6.0
[2026-08-09T22:57:47+00:00] load1=9.03
[2026-08-09T22:58:49+00:00] CONTENTION: foreign compute job >40% CPU: 1998841 794.8 lake
[2026-08-09T22:58:49+00:00] CONTENTION: load1=11.52 exceeds 6.0
[2026-08-09T22:58:49+00:00] load1=11.52
[2026-08-09T22:59:51+00:00] CONTENTION: load1=8.64 exceeds 6.0
[2026-08-09T22:59:51+00:00] load1=8.64
[2026-08-09T23:00:53+00:00] load1=4.16
[2026-08-09T23:01:56+00:00] load1=2.97
[2026-08-09T23:02:58+00:00] load1=3.29
[2026-08-09T23:04:00+00:00] load1=3.15
[2026-08-09T23:05:03+00:00] CONTENTION: foreign compute job >40% CPU: 2013222 99.3 lean
[2026-08-09T23:05:03+00:00] load1=4.17
[2026-08-09T23:06:05+00:00] load1=4.16
[2026-08-09T23:07:07+00:00] load1=3.05
[2026-08-09T23:08:09+00:00] load1=2.69
[2026-08-09T23:09:12+00:00] load1=2.08
[2026-08-09T23:10:14+00:00] load1=2.10
[2026-08-09T23:11:16+00:00] load1=2.42
[2026-08-09T23:12:18+00:00] load1=2.19
[2026-08-09T23:13:21+00:00] load1=1.88
[2026-08-09T23:14:23+00:00] load1=2.18
[2026-08-09T23:15:25+00:00] load1=1.32
[2026-08-09T23:16:28+00:00] load1=1.11
[2026-08-09T23:17:30+00:00] load1=1.13
[2026-08-09T23:18:32+00:00] load1=1.35
[2026-08-09T23:19:34+00:00] load1=1.34
[2026-08-09T23:20:37+00:00] load1=1.55
[2026-08-09T23:21:39+00:00] load1=1.58
[2026-08-09T23:22:41+00:00] load1=5.11
[2026-08-09T23:23:44+00:00] CONTENTION: load1=6.64 exceeds 6.0
[2026-08-09T23:23:44+00:00] load1=6.64
[2026-08-09T23:24:46+00:00] CONTENTION: load1=7.94 exceeds 6.0
[2026-08-09T23:24:46+00:00] load1=7.94
[2026-08-09T23:25:48+00:00] CONTENTION: load1=7.71 exceeds 6.0
[2026-08-09T23:25:48+00:00] load1=7.71
[2026-08-09T23:26:50+00:00] CONTENTION: load1=7.97 exceeds 6.0
[2026-08-09T23:26:50+00:00] load1=7.97
=== re-armed 2026-08-09T23:27:15+00:00: foreign-hog check only; load threshold raised to 14 because our own gating pass 1 runs -n 6 ===
[2026-08-09T23:27:18+00:00] load1=7.75
[2026-08-09T23:28:20+00:00] load1=6.51
[2026-08-09T23:29:22+00:00] load1=4.08
[2026-08-09T23:30:25+00:00] load1=5.16
[2026-08-09T23:31:27+00:00] load1=4.80
[2026-08-09T23:32:29+00:00] load1=4.31
[2026-08-09T23:33:31+00:00] load1=3.22
[2026-08-09T23:34:34+00:00] load1=4.05
[2026-08-09T23:35:36+00:00] load1=3.84
[2026-08-09T23:36:38+00:00] load1=3.98
[2026-08-09T23:37:41+00:00] load1=4.31
[2026-08-09T23:38:43+00:00] load1=4.62
[2026-08-09T23:39:45+00:00] load1=3.70
[2026-08-09T23:40:47+00:00] load1=2.72
[2026-08-09T23:41:50+00:00] load1=2.51
[2026-08-09T23:42:52+00:00] load1=2.55
[2026-08-09T23:43:54+00:00] load1=3.13
[2026-08-09T23:44:56+00:00] load1=3.63
[2026-08-09T23:45:59+00:00] load1=3.67
[2026-08-09T23:47:01+00:00] load1=3.38
[2026-08-09T23:48:03+00:00] load1=4.58
[2026-08-09T23:49:06+00:00] load1=6.68
[2026-08-09T23:50:08+00:00] load1=4.20
[2026-08-09T23:51:10+00:00] load1=3.66
[2026-08-09T23:52:12+00:00] load1=3.07
[2026-08-09T23:53:15+00:00] load1=1.30
[2026-08-09T23:54:17+00:00] load1=1.58
[2026-08-09T23:55:19+00:00] load1=1.68
[2026-08-09T23:56:22+00:00] load1=1.01
[2026-08-09T23:57:24+00:00] load1=0.73
[2026-08-09T23:58:26+00:00] load1=1.25
[2026-08-09T23:59:28+00:00] load1=1.80
[2026-08-10T00:00:31+00:00] load1=1.69
[2026-08-10T00:01:33+00:00] load1=1.55
[2026-08-10T00:02:35+00:00] load1=1.32
[2026-08-10T00:03:38+00:00] load1=1.51
[2026-08-10T00:04:40+00:00] load1=2.56
[2026-08-10T00:05:42+00:00] load1=3.39
[2026-08-10T00:06:44+00:00] load1=3.02
[2026-08-10T00:07:47+00:00] load1=3.15
[2026-08-10T00:08:49+00:00] load1=2.66
[2026-08-10T00:09:51+00:00] load1=3.28
[2026-08-10T00:10:53+00:00] load1=2.80
[2026-08-10T00:11:56+00:00] load1=2.63
[2026-08-10T00:12:58+00:00] load1=2.70
[2026-08-10T00:14:00+00:00] load1=2.73
[2026-08-10T00:15:03+00:00] load1=2.52
[2026-08-10T00:16:05+00:00] load1=3.31
[2026-08-10T00:17:07+00:00] load1=2.35
[2026-08-10T00:18:09+00:00] load1=2.05
[2026-08-10T00:19:12+00:00] load1=1.76
[2026-08-10T00:20:14+00:00] load1=3.01
[2026-08-10T00:21:16+00:00] load1=2.47
[2026-08-10T00:22:19+00:00] load1=1.85
[2026-08-10T00:23:21+00:00] load1=1.84
[2026-08-10T00:24:23+00:00] load1=3.58
[2026-08-10T00:25:25+00:00] load1=4.16
[2026-08-10T00:26:28+00:00] load1=4.47
[2026-08-10T00:27:30+00:00] load1=3.17
[2026-08-10T00:28:32+00:00] load1=2.82
[2026-08-10T00:29:34+00:00] load1=2.65
[2026-08-10T00:30:37+00:00] load1=2.02
[2026-08-10T00:31:39+00:00] load1=2.53
[2026-08-10T00:32:41+00:00] load1=2.20
[2026-08-10T00:33:44+00:00] load1=2.41
[2026-08-10T00:34:46+00:00] load1=2.30
[2026-08-10T00:35:48+00:00] load1=1.83
[2026-08-10T00:36:50+00:00] load1=2.78
[2026-08-10T00:37:53+00:00] load1=1.85
[2026-08-10T00:38:55+00:00] load1=2.31
[2026-08-10T00:39:57+00:00] load1=2.89
[2026-08-10T00:40:59+00:00] load1=2.23
[2026-08-10T00:42:02+00:00] load1=1.54
[2026-08-10T00:43:04+00:00] load1=1.72
[2026-08-10T00:44:06+00:00] CONTENTION: foreign compute job >40% CPU: 2803659 285.3 lean
[2026-08-10T00:44:06+00:00] load1=2.98
[2026-08-10T00:45:09+00:00] CONTENTION: foreign compute job >40% CPU: 2817993 205.3 lean
[2026-08-10T00:45:09+00:00] load1=3.20
[2026-08-10T00:46:11+00:00] load1=2.21
[2026-08-10T00:47:13+00:00] CONTENTION: foreign compute job >40% CPU: 2820008 100.0 lean
[2026-08-10T00:47:13+00:00] load1=2.10
[2026-08-10T00:48:15+00:00] CONTENTION: foreign compute job >40% CPU: 2820008 99.9 lean
[2026-08-10T00:48:15+00:00] load1=2.55
[2026-08-10T00:49:18+00:00] CONTENTION: foreign compute job >40% CPU: 2820008 99.9 lean
[2026-08-10T00:49:18+00:00] load1=2.79
[2026-08-10T00:50:20+00:00] CONTENTION: foreign compute job >40% CPU: 2820008 99.5 lean
[2026-08-10T00:50:20+00:00] load1=2.78
[2026-08-10T00:51:22+00:00] CONTENTION: foreign compute job >40% CPU: 2847195 99.9 lean
2820008 99.4 lean
[2026-08-10T00:51:22+00:00] load1=4.70
[2026-08-10T00:52:24+00:00] CONTENTION: foreign compute job >40% CPU: 2820008 99.9 lean
[2026-08-10T00:52:24+00:00] load1=4.29
[2026-08-10T00:53:27+00:00] CONTENTION: foreign compute job >40% CPU: 2820008 100.0 lean
[2026-08-10T00:53:27+00:00] load1=3.76
[2026-08-10T00:54:29+00:00] CONTENTION: foreign compute job >40% CPU: 2820008 99.5 lean
[2026-08-10T00:54:29+00:00] load1=3.24
[2026-08-10T00:55:31+00:00] CONTENTION: foreign compute job >40% CPU: 2820008 100.0 lean
[2026-08-10T00:55:31+00:00] load1=3.57
[2026-08-10T00:56:33+00:00] CONTENTION: foreign compute job >40% CPU: 2820008 99.4 lean
[2026-08-10T00:56:33+00:00] load1=3.23
[2026-08-10T00:57:36+00:00] CONTENTION: foreign compute job >40% CPU: 2820008 99.3 lean
[2026-08-10T00:57:36+00:00] load1=3.36
[2026-08-10T00:58:38+00:00] CONTENTION: foreign compute job >40% CPU: 2820008 100.0 lean
3020143 100.0 lean
[2026-08-10T00:58:38+00:00] load1=2.89
[2026-08-10T00:59:40+00:00] CONTENTION: foreign compute job >40% CPU: 2820008 99.9 lean
3020143 99.9 lean
[2026-08-10T00:59:40+00:00] load1=2.52
[2026-08-10T01:00:42+00:00] CONTENTION: foreign compute job >40% CPU: 2820008 99.4 lean
3020143 99.4 lean
[2026-08-10T01:00:42+00:00] load1=2.67
[2026-08-10T01:01:45+00:00] CONTENTION: foreign compute job >40% CPU: 2820008 99.9 lean
3020143 99.4 lean
[2026-08-10T01:01:45+00:00] load1=2.99
[2026-08-10T01:02:47+00:00] CONTENTION: foreign compute job >40% CPU: 3020143 99.9 lean
2820008 99.4 lean
[2026-08-10T01:02:47+00:00] load1=2.45
[2026-08-10T01:03:49+00:00] CONTENTION: foreign compute job >40% CPU: 2820008 99.5 lean
3020143 99.5 lean
[2026-08-10T01:03:49+00:00] load1=2.69
[2026-08-10T01:04:51+00:00] CONTENTION: foreign compute job >40% CPU: 2820008 99.9 lean
3020143 99.9 lean
[2026-08-10T01:04:51+00:00] load1=2.36
